* 콘솔 1
========================================================================
diquest@diquest-keultae:~$ redis-cli
127.0.0.1:6379> set str "value1"
OK
127.0.0.1:6379> get str
"value1"
127.0.0.1:6379> keys *
1) "str"
127.0.0.1:6379> type str
string
127.0.0.1:6379> rpush list 1
(integer) 1
127.0.0.1:6379> rpush list 2
(integer) 2
127.0.0.1:6379> keys list
1) "list"
127.0.0.1:6379> llen list
(integer) 2
127.0.0.1:6379> rpush list 3
(integer) 3
127.0.0.1:6379> llen list
(integer) 3
127.0.0.1:6379> lrange 0 -1
(error) ERR wrong number of arguments for 'lrange' command
127.0.0.1:6379> lrange list 0 -1
1) "1"
2) "2"
3) "3"
127.0.0.1:6379> lrange list 1 -1
1) "2"
2) "3"
127.0.0.1:6379> lrange list 0 -1
127.0.0.1:6379> set calllInfo:1000:20220623155200_00001 '{  "callId": "20220623155200_00001",  "apId": "상담키",  "empId": "agent001",  "custId": "client001",  "callStartTime": "2022-06-23 15:52:00",  "inputTel": "010-1234-5678",  "ext": 1000,  "ioGbn": "I" }'
OK
127.0.0.1:6379> keys *
1) "str"
2) "list"
3) "calllInfo:1000:20220623155200_00001"
127.0.0.1:6379> get calllInfo:1000:20220623155200_00001
"{  \"callId\": \"20220623155200_00001\",  \"apId\": \"\xec\x83\x81\xeb\x8b\xb4\xed\x82\xa4\",  \"empId\": \"agent001\",  \"custId\": \"client001\",  \"callStartTime\": \"2022-06-23 15:52:00\",  \"inputTel\": \"010-1234-5678\",  \"ext\": 1000,  \"ioGbn\": \"I\" }"
127.0.0.1:6379> type calllInfo:1000:20220623155200_00001
string
127.0.0.1:6379> prush stt:1000:20220623155200_00001 '{"callId":"20180901185935_58066","ext":"1101", ...}'
(error) ERR unknown command 'prush', with args beginning with: 'stt:1000:20220623155200_00001' '{"callId":"20180901185935_58066","ext":"1101", ...}'
127.0.0.1:6379> rpush stt:1000:20220623155200_00001 '{"callId":"20180901185935_58066","ext":"1101", ...}'
(integer) 1
127.0.0.1:6379> rpush stt:1000:20220623155200_00001 '{"callId":"20180901185935_58066","ext":"1101", ...}'
(integer) 2
127.0.0.1:6379> rpush stt:1000:20220623155200_00001 '{"callId":"20180901185935_58066","ext":"1101", ...}'
(integer) 3
127.0.0.1:6379> rpush stt:1000:20220623155200_00001 '{"callId":"20180901185935_58066","ext":"1101", ...}'
(integer) 4
127.0.0.1:6379> rpush stt:1000:20220623155200_00001 '{"callId":"20180901185935_58066","ext":"1101", ...}'
(integer) 5
127.0.0.1:6379> rpush stt:1000:20220623155200_00001 '{"callId":"20180901185935_58066","ext":"1101", ...}'
(integer) 6
127.0.0.1:6379> rpush stt:1000:20220623155200_00001 '{"callId":"20180901185935_58066","ext":"1101", ...}'
(integer) 7
127.0.0.1:6379> keys *
1) "stt:1000:20220623155200_00001"
2) "str"
3) "list"
4) "calllInfo:1000:20220623155200_00001"
127.0.0.1:6379> type stt:1000:20220623155200_00001
list
127.0.0.1:6379> lrange stt:1000:20220623155200_00001 0 -1
1) "{\"callId\":\"20180901185935_58066\",\"ext\":\"1101\", ...}"
2) "{\"callId\":\"20180901185935_58066\",\"ext\":\"1101\", ...}"
3) "{\"callId\":\"20180901185935_58066\",\"ext\":\"1101\", ...}"
4) "{\"callId\":\"20180901185935_58066\",\"ext\":\"1101\", ...}"
5) "{\"callId\":\"20180901185935_58066\",\"ext\":\"1101\", ...}"
6) "{\"callId\":\"20180901185935_58066\",\"ext\":\"1101\", ...}"
7) "{\"callId\":\"20180901185935_58066\",\"ext\":\"1101\", ...}"
127.0.0.1:6379> publish 1000 '{"callId":"20180901185935_58066","ext":"1101", ...}'
(integer) 1
127.0.0.1:6379> publish 1000 '{"callId":"20180901185935_58066","ext":"1101", ...}'
(integer) 1
127.0.0.1:6379> publish 1000 '{"callId":"20180901185935_58066","ext":"1101", ...}'
(integer) 1
127.0.0.1:6379> publish 1000 '{"callId":"20180901185935_58066","ext":"1101", ...}'
(integer) 1
127.0.0.1:6379> pubsub channels
1) "1000"
127.0.0.1:6379> pubsub channels
(empty array)
127.0.0.1:6379> publish 1000 '{"callId":"20180901185935_58066","ext":"1101", ...}'
(integer) 0
127.0.0.1:6379> pubsub channels
(empty array)
127.0.0.1:6379> pubsub channels
1) "2000"
127.0.0.1:6379> publish 2000 '{"callId":"20180901185935_58066","ext":"1101", ...}'
(integer) 1
127.0.0.1:6379> publish 1000 '{"callId":"20180901185935_58066","ext":"1101", ...}'
(integer) 1
127.0.0.1:6379> publish admin01 "coaching1"
(integer) 1
127.0.0.1:6379> publish 1000 '{"callId":"20180901185935_58066","ext":"1101", ...}'



* 콘솔 2
========================================================================
127.0.0.1:6379> subscribe admin01 1000
Reading messages... (press Ctrl-C to quit)
1) "subscribe"
2) "admin01"
3) (integer) 1
1) "subscribe"
2) "1000"
3) (integer) 2
1) "message"
2) "1000"
3) "{\"callId\":\"20180901185935_58066\",\"ext\":\"1101\", ...}"
1) "message"
2) "admin01"
3) "coaching1"

